---
http_interactions:
- request:
    method: get
    uri: https://devel.desk.com/api/v2/topics
    body:
      encoding: US-ASCII
      string: ''
    headers:
      Accept:
      - application/json
      User-Agent:
      - desk.com Ruby Gem v0.1.3
  response:
    status:
      code: 200
      message: 
    headers:
      accept-ranges:
      - bytes
      cache-control:
      - must-revalidate, private, max-age=0
      content-type:
      - application/json; charset=utf-8
      date:
      - Thu, 12 Dec 2013 19:48:10 GMT
      etag:
      - '"aee6411b078100f4adc08de221f08c9d"'
      status:
      - 200 OK
      vary:
      - X-AppVersion
      x-appversion:
      - '15.6'
      x-frame-options:
      - SAMEORIGIN
      x-rate-limit-limit:
      - '60'
      x-rate-limit-remaining:
      - '55'
      x-rate-limit-reset:
      - '50'
      x-request-id:
      - 07fa0c2a120c591975e419371a6b8af9
      content-length:
      - '3130'
      connection:
      - Close
    body:
      encoding: UTF-8
      string: '{"total_entries":7,"_links":{"self":{"href":"/api/v2/topics?page=1&per_page=50","class":"page"},"first":{"href":"/api/v2/topics?page=1&per_page=50","class":"page"},"last":{"href":"/api/v2/topics?page=1&per_page=50","class":"page"},"previous":null,"next":null},"_embedded":{"entries":[{"name":"Testing
        English","description":"Some new description","position":1,"allow_questions":true,"in_support_center":true,"created_at":"2013-04-22T23:46:42Z","updated_at":"2013-12-12T19:48:10Z","_links":{"self":{"href":"/api/v2/topics/498301","class":"topic"},"articles":{"href":"/api/v2/topics/498301/articles","class":"article"},"translations":{"href":"/api/v2/topics/498301/translations","class":"topic_translation"}}},{"name":"Test
        Updated Topic","description":null,"position":2,"allow_questions":true,"in_support_center":null,"created_at":"2013-08-14T19:37:08Z","updated_at":"2013-08-19T23:53:31Z","_links":{"self":{"href":"/api/v2/topics/556402","class":"topic"},"articles":{"href":"/api/v2/topics/556402/articles","class":"article"},"translations":{"href":"/api/v2/topics/556402/translations","class":"topic_translation"}}},{"name":"My
        new topic","description":null,"position":3,"allow_questions":true,"in_support_center":null,"created_at":"2013-08-15T21:20:32Z","updated_at":"2013-08-19T23:53:31Z","_links":{"self":{"href":"/api/v2/topics/556908","class":"topic"},"articles":{"href":"/api/v2/topics/556908/articles","class":"article"},"translations":{"href":"/api/v2/topics/556908/translations","class":"topic_translation"}}},{"name":"My
        new topic","description":null,"position":4,"allow_questions":true,"in_support_center":null,"created_at":"2013-08-19T23:51:34Z","updated_at":"2013-08-19T23:53:31Z","_links":{"self":{"href":"/api/v2/topics/558244","class":"topic"},"articles":{"href":"/api/v2/topics/558244/articles","class":"article"},"translations":{"href":"/api/v2/topics/558244/translations","class":"topic_translation"}}},{"name":"Test
        Topic","description":null,"position":5,"allow_questions":true,"in_support_center":null,"created_at":"2013-09-03T02:04:32Z","updated_at":"2013-09-03T02:04:32Z","_links":{"self":{"href":"/api/v2/topics/563658","class":"topic"},"articles":{"href":"/api/v2/topics/563658/articles","class":"article"},"translations":{"href":"/api/v2/topics/563658/translations","class":"topic_translation"}}},{"name":"Test
        Topic","description":null,"position":6,"allow_questions":true,"in_support_center":null,"created_at":"2013-12-12T02:51:59Z","updated_at":"2013-12-12T02:51:59Z","_links":{"self":{"href":"/api/v2/topics/601116","class":"topic"},"articles":{"href":"/api/v2/topics/601116/articles","class":"article"},"translations":{"href":"/api/v2/topics/601116/translations","class":"topic_translation"}}},{"name":"My
        new topic","description":null,"position":7,"allow_questions":true,"in_support_center":null,"created_at":"2013-12-12T19:45:06Z","updated_at":"2013-12-12T19:45:06Z","_links":{"self":{"href":"/api/v2/topics/601361","class":"topic"},"articles":{"href":"/api/v2/topics/601361/articles","class":"article"},"translations":{"href":"/api/v2/topics/601361/translations","class":"topic_translation"}}}]}}'
    http_version: 
  recorded_at: Thu, 12 Dec 2013 19:48:10 GMT
- request:
    method: patch
    uri: https://devel.desk.com/api/v2/topics/498301
    body:
      encoding: UTF-8
      string: '{"description":"Another description update."}'
    headers:
      Accept:
      - application/json
      User-Agent:
      - desk.com Ruby Gem v0.1.3
      Content-Type:
      - application/json
  response:
    status:
      code: 200
      message: 
    headers:
      cache-control:
      - max-age=0, private, must-revalidate
      content-type:
      - application/json; charset=utf-8
      date:
      - Thu, 12 Dec 2013 19:48:11 GMT
      etag:
      - '"3ebe93092d68c6593b2175a29b7a5363"'
      server:
      - nginx
      status:
      - 200 OK
      vary:
      - X-AppVersion
      x-appversion:
      - '15.6'
      x-frame-options:
      - SAMEORIGIN
      x-rack-cache:
      - invalidate, pass
      x-rate-limit-limit:
      - '60'
      x-rate-limit-remaining:
      - '54'
      x-rate-limit-reset:
      - '49'
      x-request-id:
      - 2737fdf8b68c0ebb10fbc3cd884c5069
      x-runtime:
      - '0.080140'
      x-ua-compatible:
      - IE=Edge,chrome=1
      content-length:
      - '430'
      connection:
      - Close
    body:
      encoding: UTF-8
      string: '{"name":"Testing English","description":"Another description update.","position":1,"allow_questions":true,"in_support_center":true,"created_at":"2013-04-22T23:46:42Z","updated_at":"2013-12-12T19:48:11Z","_links":{"self":{"href":"/api/v2/topics/498301","class":"topic"},"articles":{"href":"/api/v2/topics/498301/articles","class":"article"},"translations":{"href":"/api/v2/topics/498301/translations","class":"topic_translation"}}}'
    http_version: 
  recorded_at: Thu, 12 Dec 2013 19:48:11 GMT
- request:
    method: get
    uri: https://devel.desk.com/api/v2/topics
    body:
      encoding: US-ASCII
      string: ''
    headers:
      Accept:
      - application/json
      User-Agent:
      - desk.com Ruby Gem v0.1.3
  response:
    status:
      code: 200
      message: 
    headers:
      accept-ranges:
      - bytes
      cache-control:
      - must-revalidate, private, max-age=0
      content-type:
      - application/json; charset=utf-8
      date:
      - Thu, 12 Dec 2013 19:48:11 GMT
      etag:
      - '"bbeb448ce8982e712b1bca186a7941a1"'
      status:
      - 200 OK
      vary:
      - X-AppVersion
      x-appversion:
      - '15.6'
      x-frame-options:
      - SAMEORIGIN
      x-rate-limit-limit:
      - '60'
      x-rate-limit-remaining:
      - '53'
      x-rate-limit-reset:
      - '49'
      x-request-id:
      - 584ae65a6656b188a8246f1cccf9da16
      content-length:
      - '3137'
      connection:
      - Close
    body:
      encoding: UTF-8
      string: '{"total_entries":7,"_links":{"self":{"href":"/api/v2/topics?page=1&per_page=50","class":"page"},"first":{"href":"/api/v2/topics?page=1&per_page=50","class":"page"},"last":{"href":"/api/v2/topics?page=1&per_page=50","class":"page"},"previous":null,"next":null},"_embedded":{"entries":[{"name":"Testing
        English","description":"Another description update.","position":1,"allow_questions":true,"in_support_center":true,"created_at":"2013-04-22T23:46:42Z","updated_at":"2013-12-12T19:48:11Z","_links":{"self":{"href":"/api/v2/topics/498301","class":"topic"},"articles":{"href":"/api/v2/topics/498301/articles","class":"article"},"translations":{"href":"/api/v2/topics/498301/translations","class":"topic_translation"}}},{"name":"Test
        Updated Topic","description":null,"position":2,"allow_questions":true,"in_support_center":null,"created_at":"2013-08-14T19:37:08Z","updated_at":"2013-08-19T23:53:31Z","_links":{"self":{"href":"/api/v2/topics/556402","class":"topic"},"articles":{"href":"/api/v2/topics/556402/articles","class":"article"},"translations":{"href":"/api/v2/topics/556402/translations","class":"topic_translation"}}},{"name":"My
        new topic","description":null,"position":3,"allow_questions":true,"in_support_center":null,"created_at":"2013-08-15T21:20:32Z","updated_at":"2013-08-19T23:53:31Z","_links":{"self":{"href":"/api/v2/topics/556908","class":"topic"},"articles":{"href":"/api/v2/topics/556908/articles","class":"article"},"translations":{"href":"/api/v2/topics/556908/translations","class":"topic_translation"}}},{"name":"My
        new topic","description":null,"position":4,"allow_questions":true,"in_support_center":null,"created_at":"2013-08-19T23:51:34Z","updated_at":"2013-08-19T23:53:31Z","_links":{"self":{"href":"/api/v2/topics/558244","class":"topic"},"articles":{"href":"/api/v2/topics/558244/articles","class":"article"},"translations":{"href":"/api/v2/topics/558244/translations","class":"topic_translation"}}},{"name":"Test
        Topic","description":null,"position":5,"allow_questions":true,"in_support_center":null,"created_at":"2013-09-03T02:04:32Z","updated_at":"2013-09-03T02:04:32Z","_links":{"self":{"href":"/api/v2/topics/563658","class":"topic"},"articles":{"href":"/api/v2/topics/563658/articles","class":"article"},"translations":{"href":"/api/v2/topics/563658/translations","class":"topic_translation"}}},{"name":"Test
        Topic","description":null,"position":6,"allow_questions":true,"in_support_center":null,"created_at":"2013-12-12T02:51:59Z","updated_at":"2013-12-12T02:51:59Z","_links":{"self":{"href":"/api/v2/topics/601116","class":"topic"},"articles":{"href":"/api/v2/topics/601116/articles","class":"article"},"translations":{"href":"/api/v2/topics/601116/translations","class":"topic_translation"}}},{"name":"My
        new topic","description":null,"position":7,"allow_questions":true,"in_support_center":null,"created_at":"2013-12-12T19:45:06Z","updated_at":"2013-12-12T19:45:06Z","_links":{"self":{"href":"/api/v2/topics/601361","class":"topic"},"articles":{"href":"/api/v2/topics/601361/articles","class":"article"},"translations":{"href":"/api/v2/topics/601361/translations","class":"topic_translation"}}}]}}'
    http_version: 
  recorded_at: Thu, 12 Dec 2013 19:48:11 GMT
- request:
    method: get
    uri: https://devel.desk.com/api/v2/topics?page=1&per_page=50
    body:
      encoding: US-ASCII
      string: ''
    headers:
      Accept:
      - application/json
      User-Agent:
      - desk.com Ruby Gem v0.1.3
  response:
    status:
      code: 200
      message: 
    headers:
      accept-ranges:
      - bytes
      cache-control:
      - must-revalidate, private, max-age=0
      content-type:
      - application/json; charset=utf-8
      date:
      - Thu, 12 Dec 2013 19:48:11 GMT
      etag:
      - '"bbeb448ce8982e712b1bca186a7941a1"'
      status:
      - 200 OK
      vary:
      - X-AppVersion
      x-appversion:
      - '15.6'
      x-frame-options:
      - SAMEORIGIN
      x-rate-limit-limit:
      - '60'
      x-rate-limit-remaining:
      - '52'
      x-rate-limit-reset:
      - '49'
      x-request-id:
      - cbde0b290945126844f9e064b2b956ae
      content-length:
      - '3137'
      connection:
      - Close
    body:
      encoding: UTF-8
      string: '{"total_entries":7,"_links":{"self":{"href":"/api/v2/topics?page=1&per_page=50","class":"page"},"first":{"href":"/api/v2/topics?page=1&per_page=50","class":"page"},"last":{"href":"/api/v2/topics?page=1&per_page=50","class":"page"},"previous":null,"next":null},"_embedded":{"entries":[{"name":"Testing
        English","description":"Another description update.","position":1,"allow_questions":true,"in_support_center":true,"created_at":"2013-04-22T23:46:42Z","updated_at":"2013-12-12T19:48:11Z","_links":{"self":{"href":"/api/v2/topics/498301","class":"topic"},"articles":{"href":"/api/v2/topics/498301/articles","class":"article"},"translations":{"href":"/api/v2/topics/498301/translations","class":"topic_translation"}}},{"name":"Test
        Updated Topic","description":null,"position":2,"allow_questions":true,"in_support_center":null,"created_at":"2013-08-14T19:37:08Z","updated_at":"2013-08-19T23:53:31Z","_links":{"self":{"href":"/api/v2/topics/556402","class":"topic"},"articles":{"href":"/api/v2/topics/556402/articles","class":"article"},"translations":{"href":"/api/v2/topics/556402/translations","class":"topic_translation"}}},{"name":"My
        new topic","description":null,"position":3,"allow_questions":true,"in_support_center":null,"created_at":"2013-08-15T21:20:32Z","updated_at":"2013-08-19T23:53:31Z","_links":{"self":{"href":"/api/v2/topics/556908","class":"topic"},"articles":{"href":"/api/v2/topics/556908/articles","class":"article"},"translations":{"href":"/api/v2/topics/556908/translations","class":"topic_translation"}}},{"name":"My
        new topic","description":null,"position":4,"allow_questions":true,"in_support_center":null,"created_at":"2013-08-19T23:51:34Z","updated_at":"2013-08-19T23:53:31Z","_links":{"self":{"href":"/api/v2/topics/558244","class":"topic"},"articles":{"href":"/api/v2/topics/558244/articles","class":"article"},"translations":{"href":"/api/v2/topics/558244/translations","class":"topic_translation"}}},{"name":"Test
        Topic","description":null,"position":5,"allow_questions":true,"in_support_center":null,"created_at":"2013-09-03T02:04:32Z","updated_at":"2013-09-03T02:04:32Z","_links":{"self":{"href":"/api/v2/topics/563658","class":"topic"},"articles":{"href":"/api/v2/topics/563658/articles","class":"article"},"translations":{"href":"/api/v2/topics/563658/translations","class":"topic_translation"}}},{"name":"Test
        Topic","description":null,"position":6,"allow_questions":true,"in_support_center":null,"created_at":"2013-12-12T02:51:59Z","updated_at":"2013-12-12T02:51:59Z","_links":{"self":{"href":"/api/v2/topics/601116","class":"topic"},"articles":{"href":"/api/v2/topics/601116/articles","class":"article"},"translations":{"href":"/api/v2/topics/601116/translations","class":"topic_translation"}}},{"name":"My
        new topic","description":null,"position":7,"allow_questions":true,"in_support_center":null,"created_at":"2013-12-12T19:45:06Z","updated_at":"2013-12-12T19:45:06Z","_links":{"self":{"href":"/api/v2/topics/601361","class":"topic"},"articles":{"href":"/api/v2/topics/601361/articles","class":"article"},"translations":{"href":"/api/v2/topics/601361/translations","class":"topic_translation"}}}]}}'
    http_version: 
  recorded_at: Thu, 12 Dec 2013 19:48:11 GMT
recorded_with: VCR 2.5.0
